// Jest Snapshot v1, https://goo.gl/fbAQLP

exports[`<Footer /> snapshot 1`] = `
<div
  className="lg:h-32 flex-shrink-0"
  style={
    Object {
      "backgroundImage": "url(test-file-stub)",
      "backgroundSize": "64px",
      "imageRendering": "pixelated",
    }
  }
>
  <div
    className="container h-full flex lg:items-center flex-col lg:flex-row"
  >
    <span
      className="font-bold text-xl my-12 mr-20"
    >
      Emulator Hub
    </span>
    <a
      className="text-sm mb-7 lg:mb-0 mr-12"
      href="https://github.com/junnys6018/Emulator-Hub"
      rel="noopener noreferrer"
      target="_blank"
    >
      Source Code
    </a>
    <a
      className="text-sm mb-7 lg:mb-0 mr-auto"
    >
      Contact
    </a>
    <span
      className="text-sm mb-12 lg:mb-0"
    >
      Designed & Built by Jun Lim
    </span>
  </div>
</div>
`;
