// Jest Snapshot v1, https://goo.gl/fbAQLP

exports[`<ProfilePicture /> snapshot 1`] = `
<div
  className="relative"
>
  <img
    className="rounded-full filter drop-shadow object-cover"
    src="/image.png"
    style={
      Object {
        "height": "200px",
        "width": "200px",
      }
    }
  />
  <button
    className="
 absolute top-0 left-0 w-8 h-8 rounded-full bg-gray-800 filter drop-shadow
 flex items-center justify-center active:text-green-500 md:hover:text-green-500
 "
    style={
      Object {
        "transform": "translate(154.710678119px, 154.710678119px)",
      }
    }
  >
    <svg
      fill="currentColor"
      height="1em"
      stroke="currentColor"
      strokeWidth="0"
      style={
        Object {
          "color": undefined,
        }
      }
      viewBox="0 0 512 512"
      width="1em"
      xmlns="http://www.w3.org/2000/svg"
    >
      <path
        d="M290.74 93.24l128.02 128.02-277.99 277.99-114.14 12.6C11.35 513.54-1.56 500.62.14 485.34l12.7-114.22 277.9-277.88zm207.2-19.06l-60.11-60.11c-18.75-18.75-49.16-18.75-67.91 0l-56.55 56.55 128.02 128.02 56.55-56.55c18.75-18.76 18.75-49.16 0-67.91z"
      />
    </svg>
  </button>
</div>
`;
