// Jest Snapshot v1, https://goo.gl/fbAQLP

exports[`example snapshot test 1`] = `
<div
  className="m-6"
>
  <h1
    className="text-4xl"
  >
    Hello, World!
  </h1>
  <p>
    This is a sample app using React, Tailwind and Django
  </p>
  <img
    alt="a cool image"
    src="test-file-stub"
    width="800px"
  />
  <p>
    This is a cool image
  </p>
  <button
    className="rounded-md bg-green-500 hover:bg-green-600 text-white text-lg p-1"
    onClick={[Function]}
  >
    Fetch from server
  </button>
  <a
    className="inline-block rounded-md bg-gray-700 hover:bg-gray-800 text-white text-lg p-1 ml-3"
    href="/about"
    onClick={[Function]}
  >
    About
  </a>
  <ul />
</div>
`;
