// Jest Snapshot v1, https://goo.gl/fbAQLP

exports[`<Alert /> snapshot 1`] = `
Array [
  <div
    className="alert hide border-t-4 border-red-500"
  >
    <h1
      className="text-2xl font-bold py-8 truncate"
      style={
        Object {
          "maxWidth": "500px",
          "overflowX": "clip",
          "overflowY": "initial",
        }
      }
    >
      Alert
    </h1>
    <p
      className="mx-14 text-center pb-8 flex-grow"
    >
      This is an alert
    </p>
    <button
      className="text-xl font-medium py-1.5 px-4 mb-8 btn-primary bg-red-500 md:hover:bg-red-400 active:bg-red-400"
      onClick={[Function]}
    >
      Close
    </button>
  </div>,
  <div
    className="fixed z-40 top-0 left-0 w-screen h-screen bg-black transition-opacity ease-linear opacity-0 select-none"
  />,
]
`;
